mode: set
/home/lzuccarelli/Projects/portfolio-tracker/portfoliotracker-stocks-dbinterface/config.go:24.48,26.16 2 1
/home/lzuccarelli/Projects/portfolio-tracker/portfoliotracker-stocks-dbinterface/config.go:26.16,29.3 2 1
/home/lzuccarelli/Projects/portfolio-tracker/portfoliotracker-stocks-dbinterface/config.go:29.8,31.3 1 1
/home/lzuccarelli/Projects/portfolio-tracker/portfoliotracker-stocks-dbinterface/config.go:38.42,41.16 3 1
/home/lzuccarelli/Projects/portfolio-tracker/portfoliotracker-stocks-dbinterface/config.go:41.16,44.3 2 1
/home/lzuccarelli/Projects/portfolio-tracker/portfoliotracker-stocks-dbinterface/config.go:44.8,46.3 1 1
/home/lzuccarelli/Projects/portfolio-tracker/portfoliotracker-stocks-dbinterface/config.go:54.47,56.21 2 1
/home/lzuccarelli/Projects/portfolio-tracker/portfoliotracker-stocks-dbinterface/config.go:66.2,67.20 2 1
/home/lzuccarelli/Projects/portfolio-tracker/portfoliotracker-stocks-dbinterface/config.go:77.2,78.54 2 1
/home/lzuccarelli/Projects/portfolio-tracker/portfoliotracker-stocks-dbinterface/config.go:91.2,91.28 1 1
/home/lzuccarelli/Projects/portfolio-tracker/portfoliotracker-stocks-dbinterface/config.go:95.2,95.30 1 1
/home/lzuccarelli/Projects/portfolio-tracker/portfoliotracker-stocks-dbinterface/config.go:100.2,100.17 1 1
/home/lzuccarelli/Projects/portfolio-tracker/portfoliotracker-stocks-dbinterface/config.go:56.21,59.3 2 1
/home/lzuccarelli/Projects/portfolio-tracker/portfoliotracker-stocks-dbinterface/config.go:59.8,61.35 1 1
/home/lzuccarelli/Projects/portfolio-tracker/portfoliotracker-stocks-dbinterface/config.go:61.35,63.4 1 1
/home/lzuccarelli/Projects/portfolio-tracker/portfoliotracker-stocks-dbinterface/config.go:67.20,70.3 2 1
/home/lzuccarelli/Projects/portfolio-tracker/portfoliotracker-stocks-dbinterface/config.go:70.8,72.37 1 1
/home/lzuccarelli/Projects/portfolio-tracker/portfoliotracker-stocks-dbinterface/config.go:72.37,74.4 1 1
/home/lzuccarelli/Projects/portfolio-tracker/portfoliotracker-stocks-dbinterface/config.go:78.54,81.3 2 1
/home/lzuccarelli/Projects/portfolio-tracker/portfoliotracker-stocks-dbinterface/config.go:81.8,83.36 1 1
/home/lzuccarelli/Projects/portfolio-tracker/portfoliotracker-stocks-dbinterface/config.go:86.3,86.36 1 1
/home/lzuccarelli/Projects/portfolio-tracker/portfoliotracker-stocks-dbinterface/config.go:83.36,85.4 1 1
/home/lzuccarelli/Projects/portfolio-tracker/portfoliotracker-stocks-dbinterface/config.go:86.36,88.4 1 1
/home/lzuccarelli/Projects/portfolio-tracker/portfoliotracker-stocks-dbinterface/config.go:91.28,93.3 1 0
/home/lzuccarelli/Projects/portfolio-tracker/portfoliotracker-stocks-dbinterface/config.go:95.30,97.3 1 1
/home/lzuccarelli/Projects/portfolio-tracker/portfoliotracker-stocks-dbinterface/config.go:104.44,109.16 4 1
/home/lzuccarelli/Projects/portfolio-tracker/portfoliotracker-stocks-dbinterface/config.go:113.2,114.14 2 1
/home/lzuccarelli/Projects/portfolio-tracker/portfoliotracker-stocks-dbinterface/config.go:118.2,119.15 2 1
/home/lzuccarelli/Projects/portfolio-tracker/portfoliotracker-stocks-dbinterface/config.go:123.2,124.17 2 1
/home/lzuccarelli/Projects/portfolio-tracker/portfoliotracker-stocks-dbinterface/config.go:109.16,111.3 1 1
/home/lzuccarelli/Projects/portfolio-tracker/portfoliotracker-stocks-dbinterface/config.go:114.14,116.3 1 1
/home/lzuccarelli/Projects/portfolio-tracker/portfoliotracker-stocks-dbinterface/config.go:119.15,121.3 1 1
/home/lzuccarelli/Projects/portfolio-tracker/portfoliotracker-stocks-dbinterface/handlers.go:38.45,40.2 1 1
/home/lzuccarelli/Projects/portfolio-tracker/portfoliotracker-stocks-dbinterface/handlers.go:42.46,50.14 4 1
/home/lzuccarelli/Projects/portfolio-tracker/portfoliotracker-stocks-dbinterface/handlers.go:54.2,60.31 6 1
/home/lzuccarelli/Projects/portfolio-tracker/portfoliotracker-stocks-dbinterface/handlers.go:63.2,64.14 2 1
/home/lzuccarelli/Projects/portfolio-tracker/portfoliotracker-stocks-dbinterface/handlers.go:68.2,68.12 1 1
/home/lzuccarelli/Projects/portfolio-tracker/portfoliotracker-stocks-dbinterface/handlers.go:50.14,53.3 2 1
/home/lzuccarelli/Projects/portfolio-tracker/portfoliotracker-stocks-dbinterface/handlers.go:60.31,62.3 1 1
/home/lzuccarelli/Projects/portfolio-tracker/portfoliotracker-stocks-dbinterface/handlers.go:64.14,67.3 2 0
/home/lzuccarelli/Projects/portfolio-tracker/portfoliotracker-stocks-dbinterface/handlers.go:71.38,81.16 7 1
/home/lzuccarelli/Projects/portfolio-tracker/portfoliotracker-stocks-dbinterface/handlers.go:84.2,89.16 4 1
/home/lzuccarelli/Projects/portfolio-tracker/portfoliotracker-stocks-dbinterface/handlers.go:92.2,97.16 4 1
/home/lzuccarelli/Projects/portfolio-tracker/portfoliotracker-stocks-dbinterface/handlers.go:100.2,100.12 1 1
/home/lzuccarelli/Projects/portfolio-tracker/portfoliotracker-stocks-dbinterface/handlers.go:81.16,83.3 1 0
/home/lzuccarelli/Projects/portfolio-tracker/portfoliotracker-stocks-dbinterface/handlers.go:89.16,91.3 1 0
/home/lzuccarelli/Projects/portfolio-tracker/portfoliotracker-stocks-dbinterface/handlers.go:97.16,99.3 1 0
/home/lzuccarelli/Projects/portfolio-tracker/portfoliotracker-stocks-dbinterface/handlers.go:106.48,118.14 9 1
/home/lzuccarelli/Projects/portfolio-tracker/portfoliotracker-stocks-dbinterface/handlers.go:123.2,133.14 7 1
/home/lzuccarelli/Projects/portfolio-tracker/portfoliotracker-stocks-dbinterface/handlers.go:139.2,143.42 5 1
/home/lzuccarelli/Projects/portfolio-tracker/portfoliotracker-stocks-dbinterface/handlers.go:147.2,149.16 3 1
/home/lzuccarelli/Projects/portfolio-tracker/portfoliotracker-stocks-dbinterface/handlers.go:155.2,156.33 2 1
/home/lzuccarelli/Projects/portfolio-tracker/portfoliotracker-stocks-dbinterface/handlers.go:185.2,192.33 5 1
/home/lzuccarelli/Projects/portfolio-tracker/portfoliotracker-stocks-dbinterface/handlers.go:196.2,197.14 2 1
/home/lzuccarelli/Projects/portfolio-tracker/portfoliotracker-stocks-dbinterface/handlers.go:201.2,206.25 4 1
/home/lzuccarelli/Projects/portfolio-tracker/portfoliotracker-stocks-dbinterface/handlers.go:210.2,211.14 2 1
/home/lzuccarelli/Projects/portfolio-tracker/portfoliotracker-stocks-dbinterface/handlers.go:217.2,217.12 1 1
/home/lzuccarelli/Projects/portfolio-tracker/portfoliotracker-stocks-dbinterface/handlers.go:118.14,121.3 2 1
/home/lzuccarelli/Projects/portfolio-tracker/portfoliotracker-stocks-dbinterface/handlers.go:133.14,136.3 2 0
/home/lzuccarelli/Projects/portfolio-tracker/portfoliotracker-stocks-dbinterface/handlers.go:143.42,146.3 2 0
/home/lzuccarelli/Projects/portfolio-tracker/portfoliotracker-stocks-dbinterface/handlers.go:149.16,152.3 2 0
/home/lzuccarelli/Projects/portfolio-tracker/portfoliotracker-stocks-dbinterface/handlers.go:156.33,163.43 7 0
/home/lzuccarelli/Projects/portfolio-tracker/portfoliotracker-stocks-dbinterface/handlers.go:167.3,169.17 3 0
/home/lzuccarelli/Projects/portfolio-tracker/portfoliotracker-stocks-dbinterface/handlers.go:173.3,175.28 3 0
/home/lzuccarelli/Projects/portfolio-tracker/portfoliotracker-stocks-dbinterface/handlers.go:163.43,166.4 2 0
/home/lzuccarelli/Projects/portfolio-tracker/portfoliotracker-stocks-dbinterface/handlers.go:169.17,172.4 2 0
/home/lzuccarelli/Projects/portfolio-tracker/portfoliotracker-stocks-dbinterface/handlers.go:175.28,178.50 2 0
/home/lzuccarelli/Projects/portfolio-tracker/portfoliotracker-stocks-dbinterface/handlers.go:178.50,181.5 2 0
/home/lzuccarelli/Projects/portfolio-tracker/portfoliotracker-stocks-dbinterface/handlers.go:192.33,194.3 1 0
/home/lzuccarelli/Projects/portfolio-tracker/portfoliotracker-stocks-dbinterface/handlers.go:197.14,200.3 2 0
/home/lzuccarelli/Projects/portfolio-tracker/portfoliotracker-stocks-dbinterface/handlers.go:206.25,208.3 1 0
/home/lzuccarelli/Projects/portfolio-tracker/portfoliotracker-stocks-dbinterface/handlers.go:211.14,214.3 2 0
/home/lzuccarelli/Projects/portfolio-tracker/portfoliotracker-stocks-dbinterface/handlers.go:224.64,237.14 10 1
/home/lzuccarelli/Projects/portfolio-tracker/portfoliotracker-stocks-dbinterface/handlers.go:242.2,252.14 7 1
/home/lzuccarelli/Projects/portfolio-tracker/portfoliotracker-stocks-dbinterface/handlers.go:258.2,265.30 4 1
/home/lzuccarelli/Projects/portfolio-tracker/portfoliotracker-stocks-dbinterface/handlers.go:269.2,269.23 1 1
/home/lzuccarelli/Projects/portfolio-tracker/portfoliotracker-stocks-dbinterface/handlers.go:274.2,280.33 2 1
/home/lzuccarelli/Projects/portfolio-tracker/portfoliotracker-stocks-dbinterface/handlers.go:341.2,341.12 1 1
/home/lzuccarelli/Projects/portfolio-tracker/portfoliotracker-stocks-dbinterface/handlers.go:237.14,240.3 2 0
/home/lzuccarelli/Projects/portfolio-tracker/portfoliotracker-stocks-dbinterface/handlers.go:252.14,255.3 2 0
/home/lzuccarelli/Projects/portfolio-tracker/portfoliotracker-stocks-dbinterface/handlers.go:265.30,268.3 2 0
/home/lzuccarelli/Projects/portfolio-tracker/portfoliotracker-stocks-dbinterface/handlers.go:269.23,273.3 3 0
/home/lzuccarelli/Projects/portfolio-tracker/portfoliotracker-stocks-dbinterface/handlers.go:280.33,285.43 5 0
/home/lzuccarelli/Projects/portfolio-tracker/portfoliotracker-stocks-dbinterface/handlers.go:289.3,291.17 3 0
/home/lzuccarelli/Projects/portfolio-tracker/portfoliotracker-stocks-dbinterface/handlers.go:297.3,298.15 2 0
/home/lzuccarelli/Projects/portfolio-tracker/portfoliotracker-stocks-dbinterface/handlers.go:302.3,304.25 2 0
/home/lzuccarelli/Projects/portfolio-tracker/portfoliotracker-stocks-dbinterface/handlers.go:285.43,288.4 2 0
/home/lzuccarelli/Projects/portfolio-tracker/portfoliotracker-stocks-dbinterface/handlers.go:291.17,294.4 2 0
/home/lzuccarelli/Projects/portfolio-tracker/portfoliotracker-stocks-dbinterface/handlers.go:298.15,301.4 2 0
/home/lzuccarelli/Projects/portfolio-tracker/portfoliotracker-stocks-dbinterface/handlers.go:304.25,305.27 1 0
/home/lzuccarelli/Projects/portfolio-tracker/portfoliotracker-stocks-dbinterface/handlers.go:305.27,307.5 1 0
/home/lzuccarelli/Projects/portfolio-tracker/portfoliotracker-stocks-dbinterface/handlers.go:307.10,308.28 1 0
/home/lzuccarelli/Projects/portfolio-tracker/portfoliotracker-stocks-dbinterface/handlers.go:308.28,315.20 5 0
/home/lzuccarelli/Projects/portfolio-tracker/portfoliotracker-stocks-dbinterface/handlers.go:319.6,328.18 8 0
/home/lzuccarelli/Projects/portfolio-tracker/portfoliotracker-stocks-dbinterface/handlers.go:333.6,333.31 1 0
/home/lzuccarelli/Projects/portfolio-tracker/portfoliotracker-stocks-dbinterface/handlers.go:315.20,317.7 1 0
/home/lzuccarelli/Projects/portfolio-tracker/portfoliotracker-stocks-dbinterface/handlers.go:328.18,331.7 2 0
/home/lzuccarelli/Projects/portfolio-tracker/portfoliotracker-stocks-dbinterface/handlers.go:334.11,336.6 1 0
/home/lzuccarelli/Projects/portfolio-tracker/portfoliotracker-stocks-dbinterface/handlers.go:347.56,363.24 9 1
/home/lzuccarelli/Projects/portfolio-tracker/portfoliotracker-stocks-dbinterface/handlers.go:367.2,367.23 1 1
/home/lzuccarelli/Projects/portfolio-tracker/portfoliotracker-stocks-dbinterface/handlers.go:372.2,375.27 2 1
/home/lzuccarelli/Projects/portfolio-tracker/portfoliotracker-stocks-dbinterface/handlers.go:405.2,405.12 1 1
/home/lzuccarelli/Projects/portfolio-tracker/portfoliotracker-stocks-dbinterface/handlers.go:363.24,366.3 2 0
/home/lzuccarelli/Projects/portfolio-tracker/portfoliotracker-stocks-dbinterface/handlers.go:367.23,371.3 3 0
/home/lzuccarelli/Projects/portfolio-tracker/portfoliotracker-stocks-dbinterface/handlers.go:375.27,381.43 4 0
/home/lzuccarelli/Projects/portfolio-tracker/portfoliotracker-stocks-dbinterface/handlers.go:386.3,388.17 3 0
/home/lzuccarelli/Projects/portfolio-tracker/portfoliotracker-stocks-dbinterface/handlers.go:391.3,392.15 2 0
/home/lzuccarelli/Projects/portfolio-tracker/portfoliotracker-stocks-dbinterface/handlers.go:396.3,401.15 6 0
/home/lzuccarelli/Projects/portfolio-tracker/portfoliotracker-stocks-dbinterface/handlers.go:381.43,384.4 1 0
/home/lzuccarelli/Projects/portfolio-tracker/portfoliotracker-stocks-dbinterface/handlers.go:388.17,390.4 1 0
/home/lzuccarelli/Projects/portfolio-tracker/portfoliotracker-stocks-dbinterface/handlers.go:392.15,394.4 1 0
/home/lzuccarelli/Projects/portfolio-tracker/portfoliotracker-stocks-dbinterface/handlers.go:401.15,403.4 1 0
/home/lzuccarelli/Projects/portfolio-tracker/portfoliotracker-stocks-dbinterface/handlers.go:410.66,416.14 4 1
/home/lzuccarelli/Projects/portfolio-tracker/portfoliotracker-stocks-dbinterface/handlers.go:421.2,425.14 3 1
/home/lzuccarelli/Projects/portfolio-tracker/portfoliotracker-stocks-dbinterface/handlers.go:430.2,436.8 4 1
/home/lzuccarelli/Projects/portfolio-tracker/portfoliotracker-stocks-dbinterface/handlers.go:441.2,442.16 2 1
/home/lzuccarelli/Projects/portfolio-tracker/portfoliotracker-stocks-dbinterface/handlers.go:445.2,450.15 3 1
/home/lzuccarelli/Projects/portfolio-tracker/portfoliotracker-stocks-dbinterface/handlers.go:455.2,458.14 4 1
/home/lzuccarelli/Projects/portfolio-tracker/portfoliotracker-stocks-dbinterface/handlers.go:463.2,465.20 2 1
/home/lzuccarelli/Projects/portfolio-tracker/portfoliotracker-stocks-dbinterface/handlers.go:416.14,419.3 2 1
/home/lzuccarelli/Projects/portfolio-tracker/portfoliotracker-stocks-dbinterface/handlers.go:425.14,428.3 2 0
/home/lzuccarelli/Projects/portfolio-tracker/portfoliotracker-stocks-dbinterface/handlers.go:436.8,438.3 1 0
/home/lzuccarelli/Projects/portfolio-tracker/portfoliotracker-stocks-dbinterface/handlers.go:442.16,444.3 1 0
/home/lzuccarelli/Projects/portfolio-tracker/portfoliotracker-stocks-dbinterface/handlers.go:450.15,452.3 1 0
/home/lzuccarelli/Projects/portfolio-tracker/portfoliotracker-stocks-dbinterface/handlers.go:458.14,461.3 2 0
/home/lzuccarelli/Projects/portfolio-tracker/portfoliotracker-stocks-dbinterface/handlers.go:468.61,482.23 8 1
/home/lzuccarelli/Projects/portfolio-tracker/portfoliotracker-stocks-dbinterface/handlers.go:486.2,486.23 1 1
/home/lzuccarelli/Projects/portfolio-tracker/portfoliotracker-stocks-dbinterface/handlers.go:491.2,494.24 2 1
/home/lzuccarelli/Projects/portfolio-tracker/portfoliotracker-stocks-dbinterface/handlers.go:482.23,485.3 2 0
/home/lzuccarelli/Projects/portfolio-tracker/portfoliotracker-stocks-dbinterface/handlers.go:486.23,490.3 3 0
/home/lzuccarelli/Projects/portfolio-tracker/portfoliotracker-stocks-dbinterface/handlers.go:497.74,515.23 10 1
/home/lzuccarelli/Projects/portfolio-tracker/portfoliotracker-stocks-dbinterface/handlers.go:519.2,519.23 1 1
/home/lzuccarelli/Projects/portfolio-tracker/portfoliotracker-stocks-dbinterface/handlers.go:524.2,527.26 2 1
/home/lzuccarelli/Projects/portfolio-tracker/portfoliotracker-stocks-dbinterface/handlers.go:515.23,518.3 2 0
/home/lzuccarelli/Projects/portfolio-tracker/portfoliotracker-stocks-dbinterface/handlers.go:519.23,523.3 3 0
/home/lzuccarelli/Projects/portfolio-tracker/portfoliotracker-stocks-dbinterface/handlers.go:530.62,543.15 8 1
/home/lzuccarelli/Projects/portfolio-tracker/portfoliotracker-stocks-dbinterface/handlers.go:551.2,553.23 2 1
/home/lzuccarelli/Projects/portfolio-tracker/portfoliotracker-stocks-dbinterface/handlers.go:557.2,557.23 1 1
/home/lzuccarelli/Projects/portfolio-tracker/portfoliotracker-stocks-dbinterface/handlers.go:562.2,565.20 2 1
/home/lzuccarelli/Projects/portfolio-tracker/portfoliotracker-stocks-dbinterface/handlers.go:543.15,546.3 2 1
/home/lzuccarelli/Projects/portfolio-tracker/portfoliotracker-stocks-dbinterface/handlers.go:546.8,548.3 1 0
/home/lzuccarelli/Projects/portfolio-tracker/portfoliotracker-stocks-dbinterface/handlers.go:553.23,556.3 2 0
/home/lzuccarelli/Projects/portfolio-tracker/portfoliotracker-stocks-dbinterface/handlers.go:557.23,561.3 3 0
/home/lzuccarelli/Projects/portfolio-tracker/portfoliotracker-stocks-dbinterface/handlers.go:570.72,575.14 3 0
/home/lzuccarelli/Projects/portfolio-tracker/portfoliotracker-stocks-dbinterface/handlers.go:580.2,584.14 3 0
/home/lzuccarelli/Projects/portfolio-tracker/portfoliotracker-stocks-dbinterface/handlers.go:589.2,595.8 4 0
/home/lzuccarelli/Projects/portfolio-tracker/portfoliotracker-stocks-dbinterface/handlers.go:600.2,601.16 2 0
/home/lzuccarelli/Projects/portfolio-tracker/portfoliotracker-stocks-dbinterface/handlers.go:638.2,638.22 1 0
/home/lzuccarelli/Projects/portfolio-tracker/portfoliotracker-stocks-dbinterface/handlers.go:575.14,578.3 2 0
/home/lzuccarelli/Projects/portfolio-tracker/portfoliotracker-stocks-dbinterface/handlers.go:584.14,587.3 2 0
/home/lzuccarelli/Projects/portfolio-tracker/portfoliotracker-stocks-dbinterface/handlers.go:595.8,597.3 1 0
/home/lzuccarelli/Projects/portfolio-tracker/portfoliotracker-stocks-dbinterface/handlers.go:601.16,607.16 3 0
/home/lzuccarelli/Projects/portfolio-tracker/portfoliotracker-stocks-dbinterface/handlers.go:610.3,611.15 2 0
/home/lzuccarelli/Projects/portfolio-tracker/portfoliotracker-stocks-dbinterface/handlers.go:607.16,609.4 1 0
/home/lzuccarelli/Projects/portfolio-tracker/portfoliotracker-stocks-dbinterface/handlers.go:611.15,614.4 2 0
/home/lzuccarelli/Projects/portfolio-tracker/portfoliotracker-stocks-dbinterface/handlers.go:615.8,623.16 4 0
/home/lzuccarelli/Projects/portfolio-tracker/portfoliotracker-stocks-dbinterface/handlers.go:628.3,631.15 4 0
/home/lzuccarelli/Projects/portfolio-tracker/portfoliotracker-stocks-dbinterface/handlers.go:623.16,625.4 1 0
/home/lzuccarelli/Projects/portfolio-tracker/portfoliotracker-stocks-dbinterface/handlers.go:631.15,634.4 2 0
/home/lzuccarelli/Projects/portfolio-tracker/portfoliotracker-stocks-dbinterface/middleware.go:19.64,26.16 5 1
/home/lzuccarelli/Projects/portfolio-tracker/portfoliotracker-stocks-dbinterface/middleware.go:31.2,32.16 2 1
/home/lzuccarelli/Projects/portfolio-tracker/portfoliotracker-stocks-dbinterface/middleware.go:40.2,41.27 2 1
/home/lzuccarelli/Projects/portfolio-tracker/portfoliotracker-stocks-dbinterface/middleware.go:26.16,29.3 2 0
/home/lzuccarelli/Projects/portfolio-tracker/portfoliotracker-stocks-dbinterface/middleware.go:32.16,35.3 2 1
/home/lzuccarelli/Projects/portfolio-tracker/portfoliotracker-stocks-dbinterface/middleware.go:35.8,38.3 2 1
/home/lzuccarelli/Projects/portfolio-tracker/portfoliotracker-stocks-dbinterface/middleware.go:46.64,53.16 5 1
/home/lzuccarelli/Projects/portfolio-tracker/portfoliotracker-stocks-dbinterface/middleware.go:61.2,62.27 2 1
/home/lzuccarelli/Projects/portfolio-tracker/portfoliotracker-stocks-dbinterface/middleware.go:53.16,56.3 2 0
/home/lzuccarelli/Projects/portfolio-tracker/portfoliotracker-stocks-dbinterface/middleware.go:56.8,59.3 2 1
/home/lzuccarelli/Projects/portfolio-tracker/portfoliotracker-stocks-dbinterface/middleware.go:67.75,74.16 5 1
/home/lzuccarelli/Projects/portfolio-tracker/portfoliotracker-stocks-dbinterface/middleware.go:82.2,83.27 2 1
/home/lzuccarelli/Projects/portfolio-tracker/portfoliotracker-stocks-dbinterface/middleware.go:74.16,77.3 2 0
/home/lzuccarelli/Projects/portfolio-tracker/portfoliotracker-stocks-dbinterface/middleware.go:77.8,80.3 2 1
/home/lzuccarelli/Projects/portfolio-tracker/portfoliotracker-stocks-dbinterface/middleware.go:88.88,96.16 6 1
/home/lzuccarelli/Projects/portfolio-tracker/portfoliotracker-stocks-dbinterface/middleware.go:104.2,105.27 2 1
/home/lzuccarelli/Projects/portfolio-tracker/portfoliotracker-stocks-dbinterface/middleware.go:96.16,99.3 2 0
/home/lzuccarelli/Projects/portfolio-tracker/portfoliotracker-stocks-dbinterface/middleware.go:99.8,102.3 2 1
/home/lzuccarelli/Projects/portfolio-tracker/portfoliotracker-stocks-dbinterface/middleware.go:110.71,118.16 6 1
/home/lzuccarelli/Projects/portfolio-tracker/portfoliotracker-stocks-dbinterface/middleware.go:126.2,127.27 2 1
/home/lzuccarelli/Projects/portfolio-tracker/portfoliotracker-stocks-dbinterface/middleware.go:118.16,121.3 2 0
/home/lzuccarelli/Projects/portfolio-tracker/portfoliotracker-stocks-dbinterface/middleware.go:121.8,124.3 2 1
/home/lzuccarelli/Projects/portfolio-tracker/portfoliotracker-stocks-dbinterface/middleware.go:132.68,139.16 5 1
/home/lzuccarelli/Projects/portfolio-tracker/portfoliotracker-stocks-dbinterface/middleware.go:144.2,145.16 2 1
/home/lzuccarelli/Projects/portfolio-tracker/portfoliotracker-stocks-dbinterface/middleware.go:153.2,154.27 2 1
/home/lzuccarelli/Projects/portfolio-tracker/portfoliotracker-stocks-dbinterface/middleware.go:139.16,142.3 2 0
/home/lzuccarelli/Projects/portfolio-tracker/portfoliotracker-stocks-dbinterface/middleware.go:145.16,148.3 2 1
/home/lzuccarelli/Projects/portfolio-tracker/portfoliotracker-stocks-dbinterface/middleware.go:148.8,151.3 2 1
/home/lzuccarelli/Projects/portfolio-tracker/portfoliotracker-stocks-dbinterface/middleware.go:159.71,166.16 5 1
/home/lzuccarelli/Projects/portfolio-tracker/portfoliotracker-stocks-dbinterface/middleware.go:171.2,172.16 2 1
/home/lzuccarelli/Projects/portfolio-tracker/portfoliotracker-stocks-dbinterface/middleware.go:180.2,181.27 2 1
/home/lzuccarelli/Projects/portfolio-tracker/portfoliotracker-stocks-dbinterface/middleware.go:166.16,169.3 2 0
/home/lzuccarelli/Projects/portfolio-tracker/portfoliotracker-stocks-dbinterface/middleware.go:172.16,175.3 2 0
/home/lzuccarelli/Projects/portfolio-tracker/portfoliotracker-stocks-dbinterface/middleware.go:175.8,178.3 2 1
/home/lzuccarelli/Projects/portfolio-tracker/portfoliotracker-stocks-dbinterface/middleware.go:186.82,194.14 5 1
/home/lzuccarelli/Projects/portfolio-tracker/portfoliotracker-stocks-dbinterface/middleware.go:202.2,203.27 2 1
/home/lzuccarelli/Projects/portfolio-tracker/portfoliotracker-stocks-dbinterface/middleware.go:194.14,197.3 2 0
/home/lzuccarelli/Projects/portfolio-tracker/portfoliotracker-stocks-dbinterface/middleware.go:197.8,200.3 2 1
/home/lzuccarelli/Projects/portfolio-tracker/portfoliotracker-stocks-dbinterface/middleware.go:208.70,215.16 5 1
/home/lzuccarelli/Projects/portfolio-tracker/portfoliotracker-stocks-dbinterface/middleware.go:220.2,221.14 2 1
/home/lzuccarelli/Projects/portfolio-tracker/portfoliotracker-stocks-dbinterface/middleware.go:229.2,230.27 2 1
/home/lzuccarelli/Projects/portfolio-tracker/portfoliotracker-stocks-dbinterface/middleware.go:215.16,218.3 2 0
/home/lzuccarelli/Projects/portfolio-tracker/portfoliotracker-stocks-dbinterface/middleware.go:221.14,224.3 2 1
/home/lzuccarelli/Projects/portfolio-tracker/portfoliotracker-stocks-dbinterface/middleware.go:224.8,227.3 2 1
/home/lzuccarelli/Projects/portfolio-tracker/portfoliotracker-stocks-dbinterface/middleware.go:233.54,238.2 4 1
